Connecting to Supabase (ignoring self-signed)...
node : Connection failed: 
error: Tenant or user not 
found
At line:1 char:1
+ node test-db.js > 
test-output.txt 2>&1; cat 
test-output.txt
+ ~~~~~~~~~~~~~~~~~~~~~~~~~~~
~~~~~~~~~~~
    + CategoryInfo           
   : NotSpecified: (Connect  
  ion fail... user not fou   
 nd:String) [], RemoteExc    
eption
    + FullyQualifiedErrorId  
   : NativeCommandError
 
    at parseErrorMessage (D:\
RBSL\rbsl-meximco-ecommerce\b
ackend\node_modules\pg-protoc
ol\dist\parser.js:305:11)
    at Parser.handlePacket (D
:\RBSL\rbsl-meximco-ecommerce
\backend\node_modules\pg-prot
ocol\dist\parser.js:143:27)
    at Parser.parse (D:\RBSL\
rbsl-meximco-ecommerce\backen
d\node_modules\pg-protocol\di
st\parser.js:37:38)
    at TLSSocket.<anonymous> 
(D:\RBSL\rbsl-meximco-ecommer
ce\backend\node_modules\pg-pr
otocol\dist\index.js:11:42)
    at TLSSocket.emit 
(node:events:508:28)
    at addChunk (node:interna
l/streams/readable:563:12)
    at 
readableAddChunkPushByteMode 
(node:internal/streams/readab
le:514:3)
    at Readable.push (node:in
ternal/streams/readable:394:5
)
    at TLSWrap.onStreamRead (
node:internal/stream_base_com
mons:189:23)
